// Jest Snapshot v1, https://goo.gl/fbAQLP

exports[`renders correctly 1`] = `
<View
  style={
    Object {
      "flex": 1,
    }
  }
>
  <RNCSafeAreaProvider
    onInsetsChange={[Function]}
    style={
      Array [
        Object {
          "flex": 1,
        },
        undefined,
      ]
    }
  >
    <View
      style={
        Array [
          Object {
            "backgroundColor": "rgb(242, 242, 242)",
            "flex": 1,
          },
          undefined,
        ]
      }
    >
      <View
        pointerEvents="box-none"
        style={
          Object {
            "zIndex": 1,
          }
        }
      >
        <View
          accessibilityElementsHidden={false}
          importantForAccessibility="auto"
          onLayout={[Function]}
          pointerEvents="box-none"
          style={null}
        >
          <View
            pointerEvents="box-none"
            style={
              Object {
                "bottom": 0,
                "left": 0,
                "opacity": 1,
                "position": "absolute",
                "right": 0,
                "top": 0,
                "zIndex": 0,
              }
            }
          >
            <View
              collapsable={false}
              nativeID="animatedComponent"
              style={
                Object {
                  "backgroundColor": "rgb(255, 255, 255)",
                  "borderBottomColor": "rgb(216, 216, 216)",
                  "flex": 1,
                  "shadowColor": "rgb(216, 216, 216)",
                  "shadowOffset": Object {
                    "height": 0.5,
                    "width": 0,
                  },
                  "shadowOpacity": 0.85,
                  "shadowRadius": 0,
                }
              }
            />
          </View>
          <View
            collapsable={false}
            nativeID="animatedComponent"
            pointerEvents="box-none"
            style={
              Object {
                "height": 44,
                "maxHeight": undefined,
                "minHeight": undefined,
                "opacity": undefined,
                "transform": undefined,
              }
            }
          >
            <View
              pointerEvents="none"
              style={
                Object {
                  "height": 0,
                }
              }
            />
            <View
              pointerEvents="box-none"
              style={
                Object {
                  "alignItems": "stretch",
                  "flex": 1,
                  "flexDirection": "row",
                }
              }
            >
              <View
                pointerEvents="box-none"
                style={
                  Object {
                    "alignItems": "flex-start",
                    "flexBasis": 0,
                    "flexGrow": 1,
                    "justifyContent": "center",
                    "marginStart": 0,
                    "opacity": 1,
                  }
                }
              />
              <View
                pointerEvents="box-none"
                style={
                  Object {
                    "justifyContent": "center",
                    "marginHorizontal": 16,
                    "maxWidth": 718,
                    "opacity": 1,
                  }
                }
              >
                <Text
                  accessibilityRole="header"
                  aria-level="1"
                  collapsable={false}
                  nativeID="animatedComponent"
                  numberOfLines={1}
                  onLayout={[Function]}
                  style={
                    Object {
                      "color": "rgb(28, 28, 30)",
                      "fontSize": 17,
                      "fontWeight": "600",
                    }
                  }
                >
                  Login
                </Text>
              </View>
              <View
                pointerEvents="box-none"
                style={
                  Object {
                    "alignItems": "flex-end",
                    "flexBasis": 0,
                    "flexGrow": 1,
                    "justifyContent": "center",
                    "marginEnd": 0,
                    "opacity": 1,
                  }
                }
              />
            </View>
          </View>
        </View>
      </View>
      <RNSScreenContainer
        onLayout={[Function]}
        style={
          Object {
            "flex": 1,
          }
        }
      >
        <RNSScreen
          activityState={2}
          forwardedRef={[Function]}
          pointerEvents="box-none"
          style={
            Object {
              "bottom": 0,
              "left": 0,
              "position": "absolute",
              "right": 0,
              "top": 0,
            }
          }
        >
          <View
            collapsable={false}
            style={
              Object {
                "opacity": 1,
              }
            }
          />
          <View
            accessibilityElementsHidden={false}
            closing={false}
            gestureVelocityImpact={0.3}
            importantForAccessibility="auto"
            onClose={[Function]}
            onGestureBegin={[Function]}
            onGestureCanceled={[Function]}
            onGestureEnd={[Function]}
            onOpen={[Function]}
            onTransition={[Function]}
            pointerEvents="box-none"
            style={
              Array [
                Object {
                  "display": "flex",
                  "overflow": undefined,
                },
                Object {
                  "bottom": 0,
                  "left": 0,
                  "position": "absolute",
                  "right": 0,
                  "top": 0,
                },
              ]
            }
            transitionSpec={
              Object {
                "close": Object {
                  "animation": "spring",
                  "config": Object {
                    "damping": 500,
                    "mass": 3,
                    "overshootClamping": true,
                    "restDisplacementThreshold": 10,
                    "restSpeedThreshold": 10,
                    "stiffness": 1000,
                  },
                },
                "open": Object {
                  "animation": "spring",
                  "config": Object {
                    "damping": 500,
                    "mass": 3,
                    "overshootClamping": true,
                    "restDisplacementThreshold": 10,
                    "restSpeedThreshold": 10,
                    "stiffness": 1000,
                  },
                },
              }
            }
          >
            <View
              collapsable={false}
              nativeID="animatedComponent"
              pointerEvents="box-none"
              style={
                Object {
                  "flex": 1,
                }
              }
            >
              <View
                collapsable={false}
                forwardedRef={[Function]}
                needsOffscreenAlphaCompositing={false}
                onGestureHandlerEvent={[Function]}
                onGestureHandlerStateChange={[Function]}
                style={
                  Object {
                    "flex": 1,
                    "transform": Array [
                      Object {
                        "translateX": 0,
                      },
                      Object {
                        "translateX": 0,
                      },
                    ],
                  }
                }
              >
                <View
                  style={
                    Array [
                      Object {
                        "flex": 1,
                        "overflow": "hidden",
                      },
                      Array [
                        Object {
                          "backgroundColor": "rgb(242, 242, 242)",
                        },
                        undefined,
                      ],
                    ]
                  }
                >
                  <View
                    style={
                      Object {
                        "flex": 1,
                        "flexDirection": "column-reverse",
                      }
                    }
                  >
                    <View
                      style={
                        Object {
                          "flex": 1,
                        }
                      }
                    >
                      <RCTSafeAreaView
                        emulateUnlessSupported={true}
                        style={
                          Object {
                            "backgroundColor": "#FFFFFF",
                            "flex": 1,
                          }
                        }
                      >
                        <RCTScrollView
                          contentContainerStyle={
                            Object {
                              "alignSelf": "center",
                            }
                          }
                          data={
                            Array [
                              Object {
                                "count": 1,
                                "id": 1,
                                "image": "https://picsum.photos/200",
                                "lastMessage": undefined,
                                "name": "Murali",
                                "time": "00:00",
                              },
                              Object {
                                "count": 1,
                                "id": 2,
                                "image": "https://picsum.photos/200",
                                "lastMessage": undefined,
                                "name": "Mukesh",
                                "time": "00:00",
                              },
                              Object {
                                "count": 1,
                                "id": 3,
                                "image": "https://picsum.photos/200",
                                "lastMessage": undefined,
                                "name": "Chris",
                                "time": "00:00",
                              },
                              Object {
                                "count": 1,
                                "id": 4,
                                "image": "https://picsum.photos/200",
                                "lastMessage": undefined,
                                "name": "Kevin",
                                "time": "00:00",
                              },
                              Object {
                                "count": 1,
                                "id": 5,
                                "image": "https://picsum.photos/200",
                                "lastMessage": undefined,
                                "name": "Sudhanshu",
                                "time": "00:00",
                              },
                              Object {
                                "count": 1,
                                "id": 6,
                                "image": "https://picsum.photos/200",
                                "lastMessage": undefined,
                                "name": "Kuladip",
                                "time": "00:00",
                              },
                              Object {
                                "count": 1,
                                "id": 7,
                                "image": "https://picsum.photos/200",
                                "lastMessage": undefined,
                                "name": "Ben",
                                "time": "00:00",
                              },
                              Object {
                                "count": 1,
                                "id": 8,
                                "image": "https://picsum.photos/200",
                                "lastMessage": undefined,
                                "name": "Brian",
                                "time": "00:00",
                              },
                            ]
                          }
                          getItem={[Function]}
                          getItemCount={[Function]}
                          keyExtractor={[Function]}
                          onContentSizeChange={[Function]}
                          onLayout={[Function]}
                          onMomentumScrollBegin={[Function]}
                          onMomentumScrollEnd={[Function]}
                          onScroll={[Function]}
                          onScrollBeginDrag={[Function]}
                          onScrollEndDrag={[Function]}
                          removeClippedSubviews={false}
                          renderItem={[Function]}
                          scrollEventThrottle={50}
                          stickyHeaderIndices={Array []}
                          style={
                            Object {
                              "alignSelf": "center",
                            }
                          }
                          viewabilityConfigCallbackPairs={Array []}
                        >
                          <View>
                            <View
                              onLayout={[Function]}
                              style={null}
                            >
                              <View
                                style={
                                  Object {
                                    "flexDirection": "row",
                                  }
                                }
                              >
                                <View
                                  accessible={true}
                                  collapsable={false}
                                  focusable={true}
                                  onBlur={[Function]}
                                  onClick={[Function]}
                                  onFocus={[Function]}
                                  onResponderGrant={[Function]}
                                  onResponderMove={[Function]}
                                  onResponderRelease={[Function]}
                                  onResponderTerminate={[Function]}
                                  onResponderTerminationRequest={[Function]}
                                  onStartShouldSetResponder={[Function]}
                                >
                                  <View
                                    style={
                                      Object {
                                        "flexDirection": "column",
                                        "padding": 10,
                                      }
                                    }
                                  >
                                    <Image
                                      source={
                                        Object {
                                          "uri": "https://picsum.photos/200",
                                        }
                                      }
                                      style={
                                        Object {
                                          "borderColor": "red",
                                          "borderRadius": 50,
                                          "borderWidth": 3,
                                          "height": 100,
                                          "overflow": "hidden",
                                          "width": 100,
                                        }
                                      }
                                    />
                                    <Text
                                      style={
                                        Object {
                                          "alignSelf": "center",
                                          "fontSize": 15,
                                          "padding": 10,
                                        }
                                      }
                                    >
                                      Murali
                                    </Text>
                                  </View>
                                </View>
                                <View
                                  accessible={true}
                                  collapsable={false}
                                  focusable={true}
                                  onBlur={[Function]}
                                  onClick={[Function]}
                                  onFocus={[Function]}
                                  onResponderGrant={[Function]}
                                  onResponderMove={[Function]}
                                  onResponderRelease={[Function]}
                                  onResponderTerminate={[Function]}
                                  onResponderTerminationRequest={[Function]}
                                  onStartShouldSetResponder={[Function]}
                                >
                                  <View
                                    style={
                                      Object {
                                        "flexDirection": "column",
                                        "padding": 10,
                                      }
                                    }
                                  >
                                    <Image
                                      source={
                                        Object {
                                          "uri": "https://picsum.photos/200",
                                        }
                                      }
                                      style={
                                        Object {
                                          "borderColor": "red",
                                          "borderRadius": 50,
                                          "borderWidth": 3,
                                          "height": 100,
                                          "overflow": "hidden",
                                          "width": 100,
                                        }
                                      }
                                    />
                                    <Text
                                      style={
                                        Object {
                                          "alignSelf": "center",
                                          "fontSize": 15,
                                          "padding": 10,
                                        }
                                      }
                                    >
                                      Mukesh
                                    </Text>
                                  </View>
                                </View>
                                <View
                                  accessible={true}
                                  collapsable={false}
                                  focusable={true}
                                  onBlur={[Function]}
                                  onClick={[Function]}
                                  onFocus={[Function]}
                                  onResponderGrant={[Function]}
                                  onResponderMove={[Function]}
                                  onResponderRelease={[Function]}
                                  onResponderTerminate={[Function]}
                                  onResponderTerminationRequest={[Function]}
                                  onStartShouldSetResponder={[Function]}
                                >
                                  <View
                                    style={
                                      Object {
                                        "flexDirection": "column",
                                        "padding": 10,
                                      }
                                    }
                                  >
                                    <Image
                                      source={
                                        Object {
                                          "uri": "https://picsum.photos/200",
                                        }
                                      }
                                      style={
                                        Object {
                                          "borderColor": "red",
                                          "borderRadius": 50,
                                          "borderWidth": 3,
                                          "height": 100,
                                          "overflow": "hidden",
                                          "width": 100,
                                        }
                                      }
                                    />
                                    <Text
                                      style={
                                        Object {
                                          "alignSelf": "center",
                                          "fontSize": 15,
                                          "padding": 10,
                                        }
                                      }
                                    >
                                      Chris
                                    </Text>
                                  </View>
                                </View>
                              </View>
                            </View>
                            <View
                              onLayout={[Function]}
                              style={null}
                            >
                              <View
                                style={
                                  Object {
                                    "flexDirection": "row",
                                  }
                                }
                              >
                                <View
                                  accessible={true}
                                  collapsable={false}
                                  focusable={true}
                                  onBlur={[Function]}
                                  onClick={[Function]}
                                  onFocus={[Function]}
                                  onResponderGrant={[Function]}
                                  onResponderMove={[Function]}
                                  onResponderRelease={[Function]}
                                  onResponderTerminate={[Function]}
                                  onResponderTerminationRequest={[Function]}
                                  onStartShouldSetResponder={[Function]}
                                >
                                  <View
                                    style={
                                      Object {
                                        "flexDirection": "column",
                                        "padding": 10,
                                      }
                                    }
                                  >
                                    <Image
                                      source={
                                        Object {
                                          "uri": "https://picsum.photos/200",
                                        }
                                      }
                                      style={
                                        Object {
                                          "borderColor": "red",
                                          "borderRadius": 50,
                                          "borderWidth": 3,
                                          "height": 100,
                                          "overflow": "hidden",
                                          "width": 100,
                                        }
                                      }
                                    />
                                    <Text
                                      style={
                                        Object {
                                          "alignSelf": "center",
                                          "fontSize": 15,
                                          "padding": 10,
                                        }
                                      }
                                    >
                                      Kevin
                                    </Text>
                                  </View>
                                </View>
                                <View
                                  accessible={true}
                                  collapsable={false}
                                  focusable={true}
                                  onBlur={[Function]}
                                  onClick={[Function]}
                                  onFocus={[Function]}
                                  onResponderGrant={[Function]}
                                  onResponderMove={[Function]}
                                  onResponderRelease={[Function]}
                                  onResponderTerminate={[Function]}
                                  onResponderTerminationRequest={[Function]}
                                  onStartShouldSetResponder={[Function]}
                                >
                                  <View
                                    style={
                                      Object {
                                        "flexDirection": "column",
                                        "padding": 10,
                                      }
                                    }
                                  >
                                    <Image
                                      source={
                                        Object {
                                          "uri": "https://picsum.photos/200",
                                        }
                                      }
                                      style={
                                        Object {
                                          "borderColor": "red",
                                          "borderRadius": 50,
                                          "borderWidth": 3,
                                          "height": 100,
                                          "overflow": "hidden",
                                          "width": 100,
                                        }
                                      }
                                    />
                                    <Text
                                      style={
                                        Object {
                                          "alignSelf": "center",
                                          "fontSize": 15,
                                          "padding": 10,
                                        }
                                      }
                                    >
                                      Sudhanshu
                                    </Text>
                                  </View>
                                </View>
                                <View
                                  accessible={true}
                                  collapsable={false}
                                  focusable={true}
                                  onBlur={[Function]}
                                  onClick={[Function]}
                                  onFocus={[Function]}
                                  onResponderGrant={[Function]}
                                  onResponderMove={[Function]}
                                  onResponderRelease={[Function]}
                                  onResponderTerminate={[Function]}
                                  onResponderTerminationRequest={[Function]}
                                  onStartShouldSetResponder={[Function]}
                                >
                                  <View
                                    style={
                                      Object {
                                        "flexDirection": "column",
                                        "padding": 10,
                                      }
                                    }
                                  >
                                    <Image
                                      source={
                                        Object {
                                          "uri": "https://picsum.photos/200",
                                        }
                                      }
                                      style={
                                        Object {
                                          "borderColor": "red",
                                          "borderRadius": 50,
                                          "borderWidth": 3,
                                          "height": 100,
                                          "overflow": "hidden",
                                          "width": 100,
                                        }
                                      }
                                    />
                                    <Text
                                      style={
                                        Object {
                                          "alignSelf": "center",
                                          "fontSize": 15,
                                          "padding": 10,
                                        }
                                      }
                                    >
                                      Kuladip
                                    </Text>
                                  </View>
                                </View>
                              </View>
                            </View>
                            <View
                              onLayout={[Function]}
                              style={null}
                            >
                              <View
                                style={
                                  Object {
                                    "flexDirection": "row",
                                  }
                                }
                              >
                                <View
                                  accessible={true}
                                  collapsable={false}
                                  focusable={true}
                                  onBlur={[Function]}
                                  onClick={[Function]}
                                  onFocus={[Function]}
                                  onResponderGrant={[Function]}
                                  onResponderMove={[Function]}
                                  onResponderRelease={[Function]}
                                  onResponderTerminate={[Function]}
                                  onResponderTerminationRequest={[Function]}
                                  onStartShouldSetResponder={[Function]}
                                >
                                  <View
                                    style={
                                      Object {
                                        "flexDirection": "column",
                                        "padding": 10,
                                      }
                                    }
                                  >
                                    <Image
                                      source={
                                        Object {
                                          "uri": "https://picsum.photos/200",
                                        }
                                      }
                                      style={
                                        Object {
                                          "borderColor": "red",
                                          "borderRadius": 50,
                                          "borderWidth": 3,
                                          "height": 100,
                                          "overflow": "hidden",
                                          "width": 100,
                                        }
                                      }
                                    />
                                    <Text
                                      style={
                                        Object {
                                          "alignSelf": "center",
                                          "fontSize": 15,
                                          "padding": 10,
                                        }
                                      }
                                    >
                                      Ben
                                    </Text>
                                  </View>
                                </View>
                                <View
                                  accessible={true}
                                  collapsable={false}
                                  focusable={true}
                                  onBlur={[Function]}
                                  onClick={[Function]}
                                  onFocus={[Function]}
                                  onResponderGrant={[Function]}
                                  onResponderMove={[Function]}
                                  onResponderRelease={[Function]}
                                  onResponderTerminate={[Function]}
                                  onResponderTerminationRequest={[Function]}
                                  onStartShouldSetResponder={[Function]}
                                >
                                  <View
                                    style={
                                      Object {
                                        "flexDirection": "column",
                                        "padding": 10,
                                      }
                                    }
                                  >
                                    <Image
                                      source={
                                        Object {
                                          "uri": "https://picsum.photos/200",
                                        }
                                      }
                                      style={
                                        Object {
                                          "borderColor": "red",
                                          "borderRadius": 50,
                                          "borderWidth": 3,
                                          "height": 100,
                                          "overflow": "hidden",
                                          "width": 100,
                                        }
                                      }
                                    />
                                    <Text
                                      style={
                                        Object {
                                          "alignSelf": "center",
                                          "fontSize": 15,
                                          "padding": 10,
                                        }
                                      }
                                    >
                                      Brian
                                    </Text>
                                  </View>
                                </View>
                              </View>
                            </View>
                          </View>
                        </RCTScrollView>
                      </RCTSafeAreaView>
                    </View>
                  </View>
                </View>
              </View>
            </View>
          </View>
        </RNSScreen>
      </RNSScreenContainer>
    </View>
  </RNCSafeAreaProvider>
</View>
`;
